2026-05-25 03:26:41 | INFO     | Log file: /home/students/Desktop/projects/Mitre-Dataset/Fine-Tune/checkpoints/Phi-4-mini/fine_tune_run.log
2026-05-25 03:26:41 | INFO     | PID 324377 — fine_tune.py starting
2026-05-25 03:26:41 | INFO     | Model        : Phi-4-mini  (microsoft/Phi-4-mini-instruct)
2026-05-25 03:26:41 | INFO     | Checkpoints  : checkpoints/Phi-4-mini
2026-05-25 03:26:41 | INFO     | Final model  : models/Phi-4-mini
2026-05-25 03:26:41 | INFO     | Python 3.12.3  |  cwd: /home/students/Desktop/projects/Mitre-Dataset/Fine-Tune
2026-05-25 03:26:41 | INFO     | ======================================================================
2026-05-25 03:26:41 | INFO     | CONFIGURATION
2026-05-25 03:26:41 | INFO     | ======================================================================
2026-05-25 03:26:41 | INFO     |   kaggle_dataset                : abirashab/train-test-val
2026-05-25 03:26:41 | INFO     |   data_path                     : None
2026-05-25 03:26:41 | INFO     |   train_file                    : train.jsonl
2026-05-25 03:26:41 | INFO     |   val_file                      : val.jsonl
2026-05-25 03:26:41 | INFO     |   sample_percentage             : 0.4
2026-05-25 03:26:41 | INFO     |   min_length                    : 10
2026-05-25 03:26:41 | INFO     |   max_length                    : 2000
2026-05-25 03:26:41 | INFO     |   batch_size                    : 1
2026-05-25 03:26:41 | INFO     |   gradient_accumulation_steps   : 4
2026-05-25 03:26:41 | INFO     |   num_epochs                    : 3
2026-05-25 03:26:41 | INFO     |   learning_rate                 : 0.0002
2026-05-25 03:26:41 | INFO     |   warmup_ratio                  : 0.1
2026-05-25 03:26:41 | INFO     |   weight_decay                  : 0.01
2026-05-25 03:26:41 | INFO     |   max_grad_norm                 : 1.0
2026-05-25 03:26:41 | INFO     |   lr_scheduler_type             : cosine
2026-05-25 03:26:41 | INFO     |   optim                         : adamw_torch
2026-05-25 03:26:41 | INFO     |   adam_beta1                    : 0.9
2026-05-25 03:26:41 | INFO     |   adam_beta2                    : 0.999
2026-05-25 03:26:41 | INFO     |   adam_epsilon                  : 1e-08
2026-05-25 03:26:41 | INFO     |   label_smoothing               : 0.0
2026-05-25 03:26:41 | INFO     |   lora_r                        : 16
2026-05-25 03:26:41 | INFO     |   lora_alpha                    : 32
2026-05-25 03:26:41 | INFO     |   lora_dropout                  : 0.05
2026-05-25 03:26:41 | INFO     |   fp16                          : True
2026-05-25 03:26:41 | INFO     |   gradient_checkpointing        : False
2026-05-25 03:26:41 | INFO     |   logging_steps                 : 25
2026-05-25 03:26:41 | INFO     |   eval_steps                    : 100
2026-05-25 03:26:41 | INFO     |   save_steps                    : 200
2026-05-25 03:26:41 | INFO     |   save_total_limit              : 3
2026-05-25 03:26:41 | INFO     |   early_stopping_patience       : 5
2026-05-25 03:26:41 | INFO     |   early_stopping_threshold      : 0.005
2026-05-25 03:26:41 | INFO     |   max_input_chars               : 6000
2026-05-25 03:26:41 | INFO     |   output_dir                    : checkpoints/Phi-4-mini
2026-05-25 03:26:41 | INFO     |   final_model_dir               : models/Phi-4-mini
2026-05-25 03:26:41 | INFO     |   model_key                     : phi
2026-05-25 03:26:41 | INFO     |   model_name                    : microsoft/Phi-4-mini-instruct
2026-05-25 03:26:41 | INFO     |   display_name                  : Phi-4-mini
2026-05-25 03:26:41 | INFO     |   no_resume                     : False
2026-05-25 03:26:41 | INFO     | ======================================================================
2026-05-25 03:26:41 | INFO     | STEP 1 — Loading training data
2026-05-25 03:26:41 | INFO     | ======================================================================
2026-05-25 03:26:41 | INFO     | Downloading Kaggle dataset: abirashab/train-test-val
2026-05-25 03:26:41 | INFO     | (Cached after first download — subsequent runs are instant.)
2026-05-25 03:26:41 | INFO     | Dataset available at: /home/students/.cache/kagglehub/datasets/abirashab/train-test-val/versions/1
2026-05-25 03:26:41 | INFO     |   train      → /home/students/.cache/kagglehub/datasets/abirashab/train-test-val/versions/1/train.jsonl
2026-05-25 03:26:41 | INFO     |   validation → /home/students/.cache/kagglehub/datasets/abirashab/train-test-val/versions/1/val.jsonl
2026-05-25 03:26:41 | INFO     | HTTP Request: HEAD https://s3.amazonaws.com/datasets.huggingface.co/datasets/datasets/json/json.py "HTTP/1.1 200 OK"
2026-05-25 03:26:41 | INFO     | Loaded — train: 89,693  val: 12,427
2026-05-25 03:26:41 | INFO     | Columns: ['instruction', 'input', 'output']
2026-05-25 03:26:41 | INFO     | ======================================================================
2026-05-25 03:26:41 | INFO     | STEP 2 — Loading base model and tokenizer
2026-05-25 03:26:41 | INFO     | ======================================================================
2026-05-25 03:26:41 | INFO     | Model ID      : microsoft/Phi-4-mini-instruct
2026-05-25 03:26:41 | INFO     | Display name  : Phi-4-mini
2026-05-25 03:26:41 | INFO     | Chat template : phi4
2026-05-25 03:26:41 | INFO     | torch_dtype   : torch.bfloat16
2026-05-25 03:26:41 | INFO     | HTTP Request: HEAD https://huggingface.co/microsoft/Phi-4-mini-instruct/resolve/main/config.json "HTTP/1.1 307 Temporary Redirect"
2026-05-25 03:26:41 | INFO     | HTTP Request: HEAD https://huggingface.co/api/resolve-cache/models/microsoft/Phi-4-mini-instruct/cfbefacb99257ffa30c83adab238a50856ac3083/config.json "HTTP/1.1 200 OK"
2026-05-25 03:26:41 | INFO     | HTTP Request: HEAD https://huggingface.co/microsoft/Phi-4-mini-instruct/resolve/main/tokenizer_config.json "HTTP/1.1 307 Temporary Redirect"
2026-05-25 03:26:41 | INFO     | HTTP Request: HEAD https://huggingface.co/api/resolve-cache/models/microsoft/Phi-4-mini-instruct/cfbefacb99257ffa30c83adab238a50856ac3083/tokenizer_config.json "HTTP/1.1 200 OK"
2026-05-25 03:26:41 | INFO     | HTTP Request: HEAD https://huggingface.co/microsoft/Phi-4-mini-instruct/resolve/main/tokenizer_config.json "HTTP/1.1 307 Temporary Redirect"
2026-05-25 03:26:41 | INFO     | HTTP Request: HEAD https://huggingface.co/api/resolve-cache/models/microsoft/Phi-4-mini-instruct/cfbefacb99257ffa30c83adab238a50856ac3083/tokenizer_config.json "HTTP/1.1 200 OK"
2026-05-25 03:26:41 | INFO     | HTTP Request: GET https://huggingface.co/api/models/microsoft/Phi-4-mini-instruct/tree/main/additional_chat_templates?recursive=false&expand=false "HTTP/1.1 404 Not Found"
2026-05-25 03:26:41 | INFO     | HTTP Request: GET https://huggingface.co/api/models/microsoft/Phi-4-mini-instruct/tree/main?recursive=true&expand=false "HTTP/1.1 200 OK"
2026-05-25 03:26:42 | INFO     | HTTP Request: GET https://huggingface.co/api/models/microsoft/Phi-4-mini-instruct "HTTP/1.1 200 OK"
2026-05-25 03:26:42 | INFO     | HTTP Request: HEAD https://huggingface.co/microsoft/Phi-4-mini-instruct/resolve/main/config.json "HTTP/1.1 307 Temporary Redirect"
2026-05-25 03:26:42 | INFO     | HTTP Request: HEAD https://huggingface.co/api/resolve-cache/models/microsoft/Phi-4-mini-instruct/cfbefacb99257ffa30c83adab238a50856ac3083/config.json "HTTP/1.1 200 OK"
2026-05-25 03:26:42 | INFO     | HTTP Request: HEAD https://huggingface.co/microsoft/Phi-4-mini-instruct/resolve/main/config.json "HTTP/1.1 307 Temporary Redirect"
2026-05-25 03:26:42 | INFO     | HTTP Request: HEAD https://huggingface.co/api/resolve-cache/models/microsoft/Phi-4-mini-instruct/cfbefacb99257ffa30c83adab238a50856ac3083/config.json "HTTP/1.1 200 OK"
2026-05-25 03:26:43 | INFO     | HTTP Request: HEAD https://huggingface.co/microsoft/Phi-4-mini-instruct/resolve/main/generation_config.json "HTTP/1.1 307 Temporary Redirect"
2026-05-25 03:26:43 | INFO     | HTTP Request: HEAD https://huggingface.co/api/resolve-cache/models/microsoft/Phi-4-mini-instruct/cfbefacb99257ffa30c83adab238a50856ac3083/generation_config.json "HTTP/1.1 200 OK"
2026-05-25 03:26:43 | INFO     | GPU memory after load: 7.15 GB
2026-05-25 03:26:43 | INFO     | Model device: cuda:0
2026-05-25 03:26:43 | INFO     | ======================================================================
2026-05-25 03:26:43 | INFO     | STEP 3 — Applying LoRA
2026-05-25 03:26:43 | INFO     | ======================================================================
2026-05-25 03:26:43 | INFO     |   r             : 16
2026-05-25 03:26:43 | INFO     |   alpha         : 32
2026-05-25 03:26:43 | INFO     |   dropout       : 0.05
2026-05-25 03:26:43 | INFO     |   target_modules: ['q_proj', 'k_proj', 'v_proj', 'o_proj']
2026-05-25 03:26:44 | INFO     | Trainable parameters: 3,145,728 / 3,839,167,488  (0.082%)
2026-05-25 03:26:44 | INFO     | ======================================================================
2026-05-25 03:26:44 | INFO     | STEP 4 — Preprocessing dataset
2026-05-25 03:26:44 | INFO     | ======================================================================
2026-05-25 03:26:44 | INFO     | Tokenising training split...
2026-05-25 03:33:08 | INFO     | Tokenising validation split...
2026-05-25 03:35:44 | INFO     | Train after length filter [10–2000]: 89,693 → 63,656
2026-05-25 03:35:58 | INFO     | Val   after length filter: 12,427 → 8,611
2026-05-25 03:35:58 | INFO     | Sampled 40% of train → 25,462 examples
2026-05-25 03:35:58 | INFO     | ======================================================================
2026-05-25 03:35:58 | INFO     | STEP 5 — Training
2026-05-25 03:35:58 | INFO     | ======================================================================
2026-05-25 03:35:58 | INFO     | Mixed precision: bf16
2026-05-25 03:35:58 | INFO     | Training on 25,462 examples, validating on 8,611
2026-05-25 03:35:58 | INFO     | Effective batch size: 4  | Epochs: 3  | LR: 0.0002
2026-05-25 04:23:33 | INFO     | HTTP Request: HEAD https://huggingface.co/microsoft/Phi-4-mini-instruct/resolve/main/config.json "HTTP/1.1 307 Temporary Redirect"
2026-05-25 04:23:33 | INFO     | HTTP Request: HEAD https://huggingface.co/api/resolve-cache/models/microsoft/Phi-4-mini-instruct/cfbefacb99257ffa30c83adab238a50856ac3083/config.json "HTTP/1.1 200 OK"
2026-05-25 04:23:33 | INFO     | HTTP Request: HEAD https://huggingface.co/microsoft/Phi-4-mini-instruct/resolve/main/config.json "HTTP/1.1 307 Temporary Redirect"
2026-05-25 04:23:33 | INFO     | HTTP Request: HEAD https://huggingface.co/api/resolve-cache/models/microsoft/Phi-4-mini-instruct/cfbefacb99257ffa30c83adab238a50856ac3083/config.json "HTTP/1.1 200 OK"
2026-05-25 05:11:03 | INFO     | HTTP Request: HEAD https://huggingface.co/microsoft/Phi-4-mini-instruct/resolve/main/config.json "HTTP/1.1 307 Temporary Redirect"
2026-05-25 05:11:03 | INFO     | HTTP Request: HEAD https://huggingface.co/api/resolve-cache/models/microsoft/Phi-4-mini-instruct/cfbefacb99257ffa30c83adab238a50856ac3083/config.json "HTTP/1.1 200 OK"
2026-05-25 05:11:03 | INFO     | HTTP Request: HEAD https://huggingface.co/microsoft/Phi-4-mini-instruct/resolve/main/config.json "HTTP/1.1 307 Temporary Redirect"
2026-05-25 05:11:03 | INFO     | HTTP Request: HEAD https://huggingface.co/api/resolve-cache/models/microsoft/Phi-4-mini-instruct/cfbefacb99257ffa30c83adab238a50856ac3083/config.json "HTTP/1.1 200 OK"
2026-05-25 05:58:35 | INFO     | HTTP Request: HEAD https://huggingface.co/microsoft/Phi-4-mini-instruct/resolve/main/config.json "HTTP/1.1 307 Temporary Redirect"
2026-05-25 05:58:35 | INFO     | HTTP Request: HEAD https://huggingface.co/api/resolve-cache/models/microsoft/Phi-4-mini-instruct/cfbefacb99257ffa30c83adab238a50856ac3083/config.json "HTTP/1.1 200 OK"
2026-05-25 05:58:35 | INFO     | HTTP Request: HEAD https://huggingface.co/microsoft/Phi-4-mini-instruct/resolve/main/config.json "HTTP/1.1 307 Temporary Redirect"
2026-05-25 05:58:35 | INFO     | HTTP Request: HEAD https://huggingface.co/api/resolve-cache/models/microsoft/Phi-4-mini-instruct/cfbefacb99257ffa30c83adab238a50856ac3083/config.json "HTTP/1.1 200 OK"
2026-05-25 06:46:04 | INFO     | HTTP Request: HEAD https://huggingface.co/microsoft/Phi-4-mini-instruct/resolve/main/config.json "HTTP/1.1 307 Temporary Redirect"
2026-05-25 06:46:04 | INFO     | HTTP Request: HEAD https://huggingface.co/api/resolve-cache/models/microsoft/Phi-4-mini-instruct/cfbefacb99257ffa30c83adab238a50856ac3083/config.json "HTTP/1.1 200 OK"
2026-05-25 06:46:04 | INFO     | HTTP Request: HEAD https://huggingface.co/microsoft/Phi-4-mini-instruct/resolve/main/config.json "HTTP/1.1 307 Temporary Redirect"
2026-05-25 06:46:04 | INFO     | HTTP Request: HEAD https://huggingface.co/api/resolve-cache/models/microsoft/Phi-4-mini-instruct/cfbefacb99257ffa30c83adab238a50856ac3083/config.json "HTTP/1.1 200 OK"
2026-05-25 07:33:25 | INFO     | HTTP Request: HEAD https://huggingface.co/microsoft/Phi-4-mini-instruct/resolve/main/config.json "HTTP/1.1 307 Temporary Redirect"
2026-05-25 07:33:25 | INFO     | HTTP Request: HEAD https://huggingface.co/api/resolve-cache/models/microsoft/Phi-4-mini-instruct/cfbefacb99257ffa30c83adab238a50856ac3083/config.json "HTTP/1.1 200 OK"
2026-05-25 07:33:26 | INFO     | HTTP Request: HEAD https://huggingface.co/microsoft/Phi-4-mini-instruct/resolve/main/config.json "HTTP/1.1 307 Temporary Redirect"
2026-05-25 07:33:26 | INFO     | HTTP Request: HEAD https://huggingface.co/api/resolve-cache/models/microsoft/Phi-4-mini-instruct/cfbefacb99257ffa30c83adab238a50856ac3083/config.json "HTTP/1.1 200 OK"
2026-05-25 08:20:35 | INFO     | HTTP Request: HEAD https://huggingface.co/microsoft/Phi-4-mini-instruct/resolve/main/config.json "HTTP/1.1 307 Temporary Redirect"
2026-05-25 08:20:35 | INFO     | HTTP Request: HEAD https://huggingface.co/api/resolve-cache/models/microsoft/Phi-4-mini-instruct/cfbefacb99257ffa30c83adab238a50856ac3083/config.json "HTTP/1.1 200 OK"
2026-05-25 08:20:35 | INFO     | HTTP Request: HEAD https://huggingface.co/microsoft/Phi-4-mini-instruct/resolve/main/config.json "HTTP/1.1 307 Temporary Redirect"
2026-05-25 08:20:35 | INFO     | HTTP Request: HEAD https://huggingface.co/api/resolve-cache/models/microsoft/Phi-4-mini-instruct/cfbefacb99257ffa30c83adab238a50856ac3083/config.json "HTTP/1.1 200 OK"
2026-05-25 08:20:35 | INFO     | Training complete: 284.62 min
2026-05-25 08:42:01 | INFO     | Final eval loss: 0.0207
2026-05-25 08:42:01 | INFO     | ======================================================================
2026-05-25 08:42:01 | INFO     | STEP 6 — Saving fine-tuned model
2026-05-25 08:42:01 | INFO     | ======================================================================
2026-05-25 08:42:01 | INFO     | HTTP Request: HEAD https://huggingface.co/microsoft/Phi-4-mini-instruct/resolve/main/config.json "HTTP/1.1 307 Temporary Redirect"
2026-05-25 08:42:01 | INFO     | HTTP Request: HEAD https://huggingface.co/api/resolve-cache/models/microsoft/Phi-4-mini-instruct/cfbefacb99257ffa30c83adab238a50856ac3083/config.json "HTTP/1.1 200 OK"
2026-05-25 08:42:01 | INFO     | HTTP Request: HEAD https://huggingface.co/microsoft/Phi-4-mini-instruct/resolve/main/config.json "HTTP/1.1 307 Temporary Redirect"
2026-05-25 08:42:01 | INFO     | HTTP Request: HEAD https://huggingface.co/api/resolve-cache/models/microsoft/Phi-4-mini-instruct/cfbefacb99257ffa30c83adab238a50856ac3083/config.json "HTTP/1.1 200 OK"
2026-05-25 08:42:02 | INFO     | Model saved to: models/Phi-4-mini
2026-05-25 08:42:02 | INFO     | ======================================================================
2026-05-25 08:42:02 | INFO     | STEP 7 — Smoke-test inference
2026-05-25 08:42:02 | INFO     | ======================================================================
2026-05-25 08:42:03 | INFO     | Smoke-test prediction:
2026-05-25 08:42:03 | INFO     | **Normal Activity Detected**: 3 events (2 Process, 1 Network) match known good patterns. No malicious indicators found.

**Normal Patterns Observed:**
- EventID 4688: Legitimate process (powershell.exe) executing standard commands. 
- EventID 3: Standard network traffic on ports typical for legitimate services (e.g., 4444).
2026-05-25 08:42:03 | INFO     | ======================================================================
2026-05-25 08:42:03 | INFO     | Done. Run metrics.py to evaluate the fine-tuned model.
2026-05-25 08:42:03 | INFO     | ======================================================================
